/home/test/kkkk/25RABVS/.conda/lib/python3.10/site-packages/meeko/polymer.py:856: RuntimeWarning: Input residues {'A:417': 'CCS'} not in residue_templates

  warnings.warn(err, RuntimeWarning)
/home/test/kkkk/25RABVS/.conda/lib/python3.10/site-packages/meeko/polymer.py:857: RuntimeWarning: Trying to resolve unknown residues by building chemical templates... 
  warnings.warn("Trying to resolve unknown residues by building chemical templates... ", RuntimeWarning)
Atom # 0 (N) in mol doesn't have implicit Hs -> continue with next atom... 
Molecule doesn't contain wanted_smarts: [NX3h1] -> continue with next pattern... 
Molecule doesn't contain pattern: [NX3h1] -> linker label for N-term will not be made. 
Molecule doesn't contain wanted_smarts: [CX3h1] -> continue with next pattern... 
Molecule doesn't contain pattern: [CX3h1] -> linker label for C-term will not be made. 
No template matched for residue_key='A:306'
tried 3 templates for residue_key='A:306'excess_H_ok=False
LEU        heavy_miss=3 heavy_excess=0 H_excess=[] bond_miss=set() bond_excess=set()
NLEU       heavy_miss=3 heavy_excess=0 H_excess=[] bond_miss=set() bond_excess={4}
CLEU       heavy_miss=4 heavy_excess=0 H_excess=[] bond_miss=set() bond_excess={1}

matched with excess inter-residue bond(s): A:306
No template matched for residue_key='A:309'
tried 3 templates for residue_key='A:309'excess_H_ok=False
SER        heavy_miss=1 heavy_excess=0 H_excess=[] bond_miss=set() bond_excess=set()
NSER       heavy_miss=1 heavy_excess=0 H_excess=[] bond_miss=set() bond_excess={4}
CSER       heavy_miss=2 heavy_excess=0 H_excess=[] bond_miss=set() bond_excess={1}

matched with excess inter-residue bond(s): A:309
No template matched for residue_key='A:330'
tried 6 templates for residue_key='A:330'excess_H_ok=False
GLU        heavy_miss=4 heavy_excess=0 H_excess=[] bond_miss=set() bond_excess=set()
NGLU       heavy_miss=4 heavy_excess=0 H_excess=[] bond_miss=set() bond_excess={4}
CGLU       heavy_miss=5 heavy_excess=0 H_excess=[] bond_miss=set() bond_excess={1}
GLH        heavy_miss=4 heavy_excess=0 H_excess=[] bond_miss=set() bond_excess=set()
NGLH       heavy_miss=4 heavy_excess=0 H_excess=[] bond_miss=set() bond_excess={4}
CGLH       heavy_miss=5 heavy_excess=0 H_excess=[] bond_miss=set() bond_excess={1}

matched with excess inter-residue bond(s): A:330
No template matched for residue_key='A:332'
tried 6 templates for residue_key='A:332'excess_H_ok=False
ASP        heavy_miss=3 heavy_excess=0 H_excess=[] bond_miss=set() bond_excess=set()
NASP       heavy_miss=3 heavy_excess=0 H_excess=[] bond_miss=set() bond_excess={4}
CASP       heavy_miss=4 heavy_excess=0 H_excess=[] bond_miss=set() bond_excess={1}
ASH        heavy_miss=3 heavy_excess=0 H_excess=[] bond_miss=set() bond_excess=set()
CASH       heavy_miss=4 heavy_excess=0 H_excess=[] bond_miss=set() bond_excess={1}
NASH       heavy_miss=3 heavy_excess=0 H_excess=[] bond_miss=set() bond_excess={4}

matched with excess inter-residue bond(s): A:332
No template matched for residue_key='A:335'
tried 3 templates for residue_key='A:335'excess_H_ok=False
ARG        heavy_miss=6 heavy_excess=0 H_excess=[] bond_miss=set() bond_excess=set()
NARG       heavy_miss=6 heavy_excess=0 H_excess=[] bond_miss=set() bond_excess={4}
CARG       heavy_miss=7 heavy_excess=0 H_excess=[] bond_miss=set() bond_excess={1}

matched with excess inter-residue bond(s): A:335
No template matched for residue_key='A:397'
tried 6 templates for residue_key='A:397'excess_H_ok=False
GLU        heavy_miss=4 heavy_excess=0 H_excess=[] bond_miss=set() bond_excess=set()
NGLU       heavy_miss=4 heavy_excess=0 H_excess=[] bond_miss=set() bond_excess={4}
CGLU       heavy_miss=5 heavy_excess=0 H_excess=[] bond_miss=set() bond_excess={1}
GLH        heavy_miss=4 heavy_excess=0 H_excess=[] bond_miss=set() bond_excess=set()
NGLH       heavy_miss=4 heavy_excess=0 H_excess=[] bond_miss=set() bond_excess={4}
CGLH       heavy_miss=5 heavy_excess=0 H_excess=[] bond_miss=set() bond_excess={1}

matched with excess inter-residue bond(s): A:397
No template matched for residue_key='A:401'
tried 6 templates for residue_key='A:401'excess_H_ok=False
LYS        heavy_miss=4 heavy_excess=0 H_excess=[] bond_miss=set() bond_excess=set()
NLYS       heavy_miss=4 heavy_excess=0 H_excess=[] bond_miss=set() bond_excess={4}
CLYS       heavy_miss=5 heavy_excess=0 H_excess=[] bond_miss=set() bond_excess={1}
LYN        heavy_miss=4 heavy_excess=0 H_excess=[] bond_miss=set() bond_excess=set()
NLYN       heavy_miss=4 heavy_excess=0 H_excess=[] bond_miss=set() bond_excess={4}
CLYN       heavy_miss=5 heavy_excess=0 H_excess=[] bond_miss=set() bond_excess={1}

matched with excess inter-residue bond(s): A:401
No template matched for residue_key='A:411'
tried 6 templates for residue_key='A:411'excess_H_ok=False
ASP        heavy_miss=3 heavy_excess=0 H_excess=[] bond_miss=set() bond_excess=set()
NASP       heavy_miss=3 heavy_excess=0 H_excess=[] bond_miss=set() bond_excess={4}
CASP       heavy_miss=4 heavy_excess=0 H_excess=[] bond_miss=set() bond_excess={1}
ASH        heavy_miss=3 heavy_excess=0 H_excess=[] bond_miss=set() bond_excess=set()
CASH       heavy_miss=4 heavy_excess=0 H_excess=[] bond_miss=set() bond_excess={1}
NASH       heavy_miss=3 heavy_excess=0 H_excess=[] bond_miss=set() bond_excess={4}

matched with excess inter-residue bond(s): A:411
No template matched for residue_key='A:417'
tried 3 templates for residue_key='A:417'excess_H_ok=False
CCS        heavy_miss=4 heavy_excess=0 H_excess=[9] bond_miss=set() bond_excess=set()
CCS_N      heavy_miss=4 heavy_excess=0 H_excess=[10] bond_miss=set() bond_excess={1}
CCS_C      heavy_miss=5 heavy_excess=0 H_excess=[10] bond_miss=set() bond_excess={4}

matched with excess inter-residue bond(s): A:417
No template matched for residue_key='A:419'
tried 6 templates for residue_key='A:419'excess_H_ok=False
GLU        heavy_miss=4 heavy_excess=0 H_excess=[] bond_miss=set() bond_excess=set()
NGLU       heavy_miss=4 heavy_excess=0 H_excess=[] bond_miss=set() bond_excess={4}
CGLU       heavy_miss=5 heavy_excess=0 H_excess=[] bond_miss=set() bond_excess={1}
GLH        heavy_miss=4 heavy_excess=0 H_excess=[] bond_miss=set() bond_excess=set()
NGLH       heavy_miss=4 heavy_excess=0 H_excess=[] bond_miss=set() bond_excess={4}
CGLH       heavy_miss=5 heavy_excess=0 H_excess=[] bond_miss=set() bond_excess={1}

matched with excess inter-residue bond(s): A:419
No template matched for residue_key='A:423'
tried 6 templates for residue_key='A:423'excess_H_ok=False
GLU        heavy_miss=4 heavy_excess=0 H_excess=[] bond_miss=set() bond_excess=set()
NGLU       heavy_miss=4 heavy_excess=0 H_excess=[] bond_miss=set() bond_excess={4}
CGLU       heavy_miss=5 heavy_excess=0 H_excess=[] bond_miss=set() bond_excess={1}
GLH        heavy_miss=4 heavy_excess=0 H_excess=[] bond_miss=set() bond_excess=set()
NGLH       heavy_miss=4 heavy_excess=0 H_excess=[] bond_miss=set() bond_excess={4}
CGLH       heavy_miss=5 heavy_excess=0 H_excess=[] bond_miss=set() bond_excess={1}

matched with excess inter-residue bond(s): A:423
No template matched for residue_key='A:437'
tried 3 templates for residue_key='A:437'excess_H_ok=False
MET        heavy_miss=3 heavy_excess=0 H_excess=[] bond_miss=set() bond_excess=set()
NMET       heavy_miss=3 heavy_excess=0 H_excess=[] bond_miss=set() bond_excess={4}
CMET       heavy_miss=4 heavy_excess=0 H_excess=[] bond_miss=set() bond_excess={1}

matched with excess inter-residue bond(s): A:437
No template matched for residue_key='A:459'
tried 3 templates for residue_key='A:459'excess_H_ok=False
TYR        heavy_miss=7 heavy_excess=0 H_excess=[] bond_miss={0} bond_excess=set()
NTYR       heavy_miss=7 heavy_excess=0 H_excess=[] bond_miss={0} bond_excess={4}
CTYR       heavy_miss=8 heavy_excess=0 H_excess=[] bond_miss=set() bond_excess=set()

No template matched for residue_key='A:469'
tried 3 templates for residue_key='A:469'excess_H_ok=False
LEU        heavy_miss=3 heavy_excess=0 H_excess=[] bond_miss={4} bond_excess=set()
NLEU       heavy_miss=3 heavy_excess=0 H_excess=[] bond_miss=set() bond_excess=set()
CLEU       heavy_miss=4 heavy_excess=0 H_excess=[] bond_miss={5} bond_excess={1}

matched with excess inter-residue bond(s): A:469
No template matched for residue_key='A:470'
tried 6 templates for residue_key='A:470'excess_H_ok=False
GLU        heavy_miss=4 heavy_excess=0 H_excess=[] bond_miss=set() bond_excess=set()
NGLU       heavy_miss=4 heavy_excess=0 H_excess=[] bond_miss=set() bond_excess={4}
CGLU       heavy_miss=5 heavy_excess=0 H_excess=[] bond_miss=set() bond_excess={1}
GLH        heavy_miss=4 heavy_excess=0 H_excess=[] bond_miss=set() bond_excess=set()
NGLH       heavy_miss=4 heavy_excess=0 H_excess=[] bond_miss=set() bond_excess={4}
CGLH       heavy_miss=5 heavy_excess=0 H_excess=[] bond_miss=set() bond_excess={1}

matched with excess inter-residue bond(s): A:470
No template matched for residue_key='A:472'
tried 6 templates for residue_key='A:472'excess_H_ok=False
LYS        heavy_miss=4 heavy_excess=0 H_excess=[] bond_miss=set() bond_excess=set()
NLYS       heavy_miss=4 heavy_excess=0 H_excess=[] bond_miss=set() bond_excess={4}
CLYS       heavy_miss=5 heavy_excess=0 H_excess=[] bond_miss=set() bond_excess={1}
LYN        heavy_miss=4 heavy_excess=0 H_excess=[] bond_miss=set() bond_excess=set()
NLYN       heavy_miss=4 heavy_excess=0 H_excess=[] bond_miss=set() bond_excess={4}
CLYN       heavy_miss=5 heavy_excess=0 H_excess=[] bond_miss=set() bond_excess={1}

matched with excess inter-residue bond(s): A:472
No template matched for residue_key='A:473'
tried 6 templates for residue_key='A:473'excess_H_ok=False
ASP        heavy_miss=3 heavy_excess=0 H_excess=[] bond_miss=set() bond_excess=set()
NASP       heavy_miss=3 heavy_excess=0 H_excess=[] bond_miss=set() bond_excess={4}
CASP       heavy_miss=4 heavy_excess=0 H_excess=[] bond_miss=set() bond_excess={1}
ASH        heavy_miss=3 heavy_excess=0 H_excess=[] bond_miss=set() bond_excess=set()
CASH       heavy_miss=4 heavy_excess=0 H_excess=[] bond_miss=set() bond_excess={1}
NASH       heavy_miss=3 heavy_excess=0 H_excess=[] bond_miss=set() bond_excess={4}

matched with excess inter-residue bond(s): A:473
No template matched for residue_key='A:477'
tried 3 templates for residue_key='A:477'excess_H_ok=False
ARG        heavy_miss=6 heavy_excess=0 H_excess=[] bond_miss=set() bond_excess=set()
NARG       heavy_miss=6 heavy_excess=0 H_excess=[] bond_miss=set() bond_excess={4}
CARG       heavy_miss=7 heavy_excess=0 H_excess=[] bond_miss=set() bond_excess={1}

matched with excess inter-residue bond(s): A:477
No template matched for residue_key='A:484'
tried 6 templates for residue_key='A:484'excess_H_ok=False
ASP        heavy_miss=3 heavy_excess=0 H_excess=[] bond_miss=set() bond_excess=set()
NASP       heavy_miss=3 heavy_excess=0 H_excess=[] bond_miss=set() bond_excess={4}
CASP       heavy_miss=4 heavy_excess=0 H_excess=[] bond_miss=set() bond_excess={1}
ASH        heavy_miss=3 heavy_excess=0 H_excess=[] bond_miss=set() bond_excess=set()
CASH       heavy_miss=4 heavy_excess=0 H_excess=[] bond_miss=set() bond_excess={1}
NASH       heavy_miss=3 heavy_excess=0 H_excess=[] bond_miss=set() bond_excess={4}

matched with excess inter-residue bond(s): A:484
No template matched for residue_key='A:526'
tried 3 templates for residue_key='A:526'excess_H_ok=False
TYR        heavy_miss=7 heavy_excess=0 H_excess=[] bond_miss=set() bond_excess=set()
NTYR       heavy_miss=7 heavy_excess=0 H_excess=[] bond_miss=set() bond_excess={4}
CTYR       heavy_miss=8 heavy_excess=0 H_excess=[] bond_miss=set() bond_excess={1}

matched with excess inter-residue bond(s): A:526
No template matched for residue_key='A:531'
tried 6 templates for residue_key='A:531'excess_H_ok=False
LYS        heavy_miss=4 heavy_excess=0 H_excess=[] bond_miss=set() bond_excess=set()
NLYS       heavy_miss=4 heavy_excess=0 H_excess=[] bond_miss=set() bond_excess={4}
CLYS       heavy_miss=5 heavy_excess=0 H_excess=[] bond_miss=set() bond_excess={1}
LYN        heavy_miss=4 heavy_excess=0 H_excess=[] bond_miss=set() bond_excess=set()
NLYN       heavy_miss=4 heavy_excess=0 H_excess=[] bond_miss=set() bond_excess={4}
CLYN       heavy_miss=5 heavy_excess=0 H_excess=[] bond_miss=set() bond_excess={1}

matched with excess inter-residue bond(s): A:531
No template matched for residue_key='A:532'
tried 3 templates for residue_key='A:532'excess_H_ok=False
ASN        heavy_miss=3 heavy_excess=0 H_excess=[] bond_miss=set() bond_excess=set()
NASN       heavy_miss=3 heavy_excess=0 H_excess=[] bond_miss=set() bond_excess={4}
CASN       heavy_miss=4 heavy_excess=0 H_excess=[] bond_miss=set() bond_excess={1}

matched with excess inter-residue bond(s): A:532
No template matched for residue_key='A:536'
tried 3 templates for residue_key='A:536'excess_H_ok=False
LEU        heavy_miss=3 heavy_excess=0 H_excess=[] bond_miss=set() bond_excess=set()
NLEU       heavy_miss=3 heavy_excess=0 H_excess=[] bond_miss=set() bond_excess={4}
CLEU       heavy_miss=4 heavy_excess=0 H_excess=[] bond_miss=set() bond_excess={1}

matched with excess inter-residue bond(s): A:536
No template matched for residue_key='A:538'
tried 6 templates for residue_key='A:538'excess_H_ok=False
ASP        heavy_miss=3 heavy_excess=0 H_excess=[] bond_miss=set() bond_excess=set()
NASP       heavy_miss=3 heavy_excess=0 H_excess=[] bond_miss=set() bond_excess={4}
CASP       heavy_miss=4 heavy_excess=0 H_excess=[] bond_miss=set() bond_excess={1}
ASH        heavy_miss=3 heavy_excess=0 H_excess=[] bond_miss=set() bond_excess=set()
CASH       heavy_miss=4 heavy_excess=0 H_excess=[] bond_miss=set() bond_excess={1}
NASH       heavy_miss=3 heavy_excess=0 H_excess=[] bond_miss=set() bond_excess={4}

matched with excess inter-residue bond(s): A:538
- Template matching failed for: ['A:306', 'A:309', 'A:330', 'A:332', 'A:335', 'A:397', 'A:401', 'A:411', 'A:417', 'A:419', 'A:423', 'A:437', 'A:459', 'A:469', 'A:470', 'A:472', 'A:473', 'A:477', 'A:484', 'A:526', 'A:531', 'A:532', 'A:536', 'A:538'] Ignored due to allow_bad_res.

Files written:
runs/lit_pcba_original_docking_seed0_top10/targets/ESR1_ago/receptor.pdbqt <-- static (i.e., rigid) receptor input file
