No template matched for residue_key='A:4'
tried 3 templates for residue_key='A:4'excess_H_ok=False
GLN        heavy_miss=3 heavy_excess=0 H_excess=[] bond_miss=set() bond_excess=set()
NGLN       heavy_miss=3 heavy_excess=0 H_excess=[] bond_miss=set() bond_excess={4}
CGLN       heavy_miss=4 heavy_excess=0 H_excess=[] bond_miss=set() bond_excess={1}

matched with excess inter-residue bond(s): A:4
No template matched for residue_key='A:8'
tried 6 templates for residue_key='A:8'excess_H_ok=False
LYS        heavy_miss=2 heavy_excess=0 H_excess=[] bond_miss=set() bond_excess=set()
NLYS       heavy_miss=2 heavy_excess=0 H_excess=[] bond_miss=set() bond_excess={4}
CLYS       heavy_miss=3 heavy_excess=0 H_excess=[] bond_miss=set() bond_excess={1}
LYN        heavy_miss=2 heavy_excess=0 H_excess=[] bond_miss=set() bond_excess=set()
NLYN       heavy_miss=2 heavy_excess=0 H_excess=[] bond_miss=set() bond_excess={4}
CLYN       heavy_miss=3 heavy_excess=0 H_excess=[] bond_miss=set() bond_excess={1}

matched with excess inter-residue bond(s): A:8
No template matched for residue_key='A:24'
tried 6 templates for residue_key='A:24'excess_H_ok=False
LYS        heavy_miss=4 heavy_excess=0 H_excess=[] bond_miss=set() bond_excess=set()
NLYS       heavy_miss=4 heavy_excess=0 H_excess=[] bond_miss=set() bond_excess={4}
CLYS       heavy_miss=5 heavy_excess=0 H_excess=[] bond_miss=set() bond_excess={1}
LYN        heavy_miss=4 heavy_excess=0 H_excess=[] bond_miss=set() bond_excess=set()
NLYN       heavy_miss=4 heavy_excess=0 H_excess=[] bond_miss=set() bond_excess={4}
CLYN       heavy_miss=5 heavy_excess=0 H_excess=[] bond_miss=set() bond_excess={1}

matched with excess inter-residue bond(s): A:24
No template matched for residue_key='A:88'
tried 6 templates for residue_key='A:88'excess_H_ok=False
LYS        heavy_miss=4 heavy_excess=0 H_excess=[] bond_miss=set() bond_excess=set()
NLYS       heavy_miss=4 heavy_excess=0 H_excess=[] bond_miss=set() bond_excess={4}
CLYS       heavy_miss=5 heavy_excess=0 H_excess=[] bond_miss=set() bond_excess={1}
LYN        heavy_miss=4 heavy_excess=0 H_excess=[] bond_miss=set() bond_excess=set()
NLYN       heavy_miss=4 heavy_excess=0 H_excess=[] bond_miss=set() bond_excess={4}
CLYN       heavy_miss=5 heavy_excess=0 H_excess=[] bond_miss=set() bond_excess={1}

matched with excess inter-residue bond(s): A:88
No template matched for residue_key='A:92'
tried 3 templates for residue_key='A:92'excess_H_ok=False
LEU        heavy_miss=3 heavy_excess=0 H_excess=[] bond_miss=set() bond_excess=set()
NLEU       heavy_miss=3 heavy_excess=0 H_excess=[] bond_miss=set() bond_excess={4}
CLEU       heavy_miss=4 heavy_excess=0 H_excess=[] bond_miss=set() bond_excess={1}

matched with excess inter-residue bond(s): A:92
No template matched for residue_key='A:244'
tried 6 templates for residue_key='A:244'excess_H_ok=False
LYS        heavy_miss=2 heavy_excess=0 H_excess=[] bond_miss=set() bond_excess=set()
NLYS       heavy_miss=2 heavy_excess=0 H_excess=[] bond_miss=set() bond_excess={4}
CLYS       heavy_miss=3 heavy_excess=0 H_excess=[] bond_miss=set() bond_excess={1}
LYN        heavy_miss=2 heavy_excess=0 H_excess=[] bond_miss=set() bond_excess=set()
NLYN       heavy_miss=2 heavy_excess=0 H_excess=[] bond_miss=set() bond_excess={4}
CLYN       heavy_miss=3 heavy_excess=0 H_excess=[] bond_miss=set() bond_excess={1}

matched with excess inter-residue bond(s): A:244
No template matched for residue_key='A:245'
tried 3 templates for residue_key='A:245'excess_H_ok=False
ARG        heavy_miss=6 heavy_excess=0 H_excess=[] bond_miss=set() bond_excess=set()
NARG       heavy_miss=6 heavy_excess=0 H_excess=[] bond_miss=set() bond_excess={4}
CARG       heavy_miss=7 heavy_excess=0 H_excess=[] bond_miss=set() bond_excess={1}

matched with excess inter-residue bond(s): A:245
No template matched for residue_key='A:252'
tried 6 templates for residue_key='A:252'excess_H_ok=False
LYS        heavy_miss=4 heavy_excess=0 H_excess=[] bond_miss=set() bond_excess=set()
NLYS       heavy_miss=4 heavy_excess=0 H_excess=[] bond_miss=set() bond_excess={4}
CLYS       heavy_miss=5 heavy_excess=0 H_excess=[] bond_miss=set() bond_excess={1}
LYN        heavy_miss=4 heavy_excess=0 H_excess=[] bond_miss=set() bond_excess=set()
NLYN       heavy_miss=4 heavy_excess=0 H_excess=[] bond_miss=set() bond_excess={4}
CLYN       heavy_miss=5 heavy_excess=0 H_excess=[] bond_miss=set() bond_excess={1}

matched with excess inter-residue bond(s): A:252
No template matched for residue_key='A:254'
tried 6 templates for residue_key='A:254'excess_H_ok=False
LYS        heavy_miss=2 heavy_excess=0 H_excess=[] bond_miss=set() bond_excess=set()
NLYS       heavy_miss=2 heavy_excess=0 H_excess=[] bond_miss=set() bond_excess={4}
CLYS       heavy_miss=3 heavy_excess=0 H_excess=[] bond_miss=set() bond_excess={1}
LYN        heavy_miss=2 heavy_excess=0 H_excess=[] bond_miss=set() bond_excess=set()
NLYN       heavy_miss=2 heavy_excess=0 H_excess=[] bond_miss=set() bond_excess={4}
CLYN       heavy_miss=3 heavy_excess=0 H_excess=[] bond_miss=set() bond_excess={1}

matched with excess inter-residue bond(s): A:254
No template matched for residue_key='A:257'
tried 6 templates for residue_key='A:257'excess_H_ok=False
GLU        heavy_miss=4 heavy_excess=0 H_excess=[] bond_miss=set() bond_excess=set()
NGLU       heavy_miss=4 heavy_excess=0 H_excess=[] bond_miss=set() bond_excess={4}
CGLU       heavy_miss=5 heavy_excess=0 H_excess=[] bond_miss=set() bond_excess={1}
GLH        heavy_miss=4 heavy_excess=0 H_excess=[] bond_miss=set() bond_excess=set()
NGLH       heavy_miss=4 heavy_excess=0 H_excess=[] bond_miss=set() bond_excess={4}
CGLH       heavy_miss=5 heavy_excess=0 H_excess=[] bond_miss=set() bond_excess={1}

matched with excess inter-residue bond(s): A:257
No template matched for residue_key='A:261'
tried 3 templates for residue_key='A:261'excess_H_ok=False
ARG        heavy_miss=4 heavy_excess=0 H_excess=[] bond_miss=set() bond_excess=set()
NARG       heavy_miss=4 heavy_excess=0 H_excess=[] bond_miss=set() bond_excess={4}
CARG       heavy_miss=5 heavy_excess=0 H_excess=[] bond_miss=set() bond_excess={1}

matched with excess inter-residue bond(s): A:261
No template matched for residue_key='A:266'
tried 3 templates for residue_key='A:266'excess_H_ok=False
ASN        heavy_miss=3 heavy_excess=0 H_excess=[] bond_miss=set() bond_excess=set()
NASN       heavy_miss=3 heavy_excess=0 H_excess=[] bond_miss=set() bond_excess={4}
CASN       heavy_miss=4 heavy_excess=0 H_excess=[] bond_miss=set() bond_excess={1}

matched with excess inter-residue bond(s): A:266
No template matched for residue_key='A:267'
tried 6 templates for residue_key='A:267'excess_H_ok=False
LYS        heavy_miss=4 heavy_excess=0 H_excess=[] bond_miss=set() bond_excess=set()
NLYS       heavy_miss=4 heavy_excess=0 H_excess=[] bond_miss=set() bond_excess={4}
CLYS       heavy_miss=5 heavy_excess=0 H_excess=[] bond_miss=set() bond_excess={1}
LYN        heavy_miss=4 heavy_excess=0 H_excess=[] bond_miss=set() bond_excess=set()
NLYN       heavy_miss=4 heavy_excess=0 H_excess=[] bond_miss=set() bond_excess={4}
CLYN       heavy_miss=5 heavy_excess=0 H_excess=[] bond_miss=set() bond_excess={1}

matched with excess inter-residue bond(s): A:267
No template matched for residue_key='A:277'
tried 6 templates for residue_key='A:277'excess_H_ok=False
LYS        heavy_miss=4 heavy_excess=0 H_excess=[] bond_miss=set() bond_excess=set()
NLYS       heavy_miss=4 heavy_excess=0 H_excess=[] bond_miss=set() bond_excess={4}
CLYS       heavy_miss=5 heavy_excess=0 H_excess=[] bond_miss=set() bond_excess={1}
LYN        heavy_miss=4 heavy_excess=0 H_excess=[] bond_miss=set() bond_excess=set()
NLYN       heavy_miss=4 heavy_excess=0 H_excess=[] bond_miss=set() bond_excess={4}
CLYN       heavy_miss=5 heavy_excess=0 H_excess=[] bond_miss=set() bond_excess={1}

matched with excess inter-residue bond(s): A:277
No template matched for residue_key='A:285'
tried 6 templates for residue_key='A:285'excess_H_ok=False
GLU        heavy_miss=4 heavy_excess=0 H_excess=[] bond_miss=set() bond_excess=set()
NGLU       heavy_miss=4 heavy_excess=0 H_excess=[] bond_miss=set() bond_excess={4}
CGLU       heavy_miss=5 heavy_excess=0 H_excess=[] bond_miss=set() bond_excess={1}
GLH        heavy_miss=4 heavy_excess=0 H_excess=[] bond_miss=set() bond_excess=set()
NGLH       heavy_miss=4 heavy_excess=0 H_excess=[] bond_miss=set() bond_excess={4}
CGLH       heavy_miss=5 heavy_excess=0 H_excess=[] bond_miss=set() bond_excess={1}

matched with excess inter-residue bond(s): A:285
No template matched for residue_key='A:297'
tried 6 templates for residue_key='A:297'excess_H_ok=False
LYS        heavy_miss=4 heavy_excess=0 H_excess=[] bond_miss=set() bond_excess=set()
NLYS       heavy_miss=4 heavy_excess=0 H_excess=[] bond_miss=set() bond_excess={4}
CLYS       heavy_miss=5 heavy_excess=0 H_excess=[] bond_miss=set() bond_excess={1}
LYN        heavy_miss=4 heavy_excess=0 H_excess=[] bond_miss=set() bond_excess=set()
NLYN       heavy_miss=4 heavy_excess=0 H_excess=[] bond_miss=set() bond_excess={4}
CLYN       heavy_miss=5 heavy_excess=0 H_excess=[] bond_miss=set() bond_excess={1}

matched with excess inter-residue bond(s): A:297
No template matched for residue_key='A:308'
tried 6 templates for residue_key='A:308'excess_H_ok=False
LYS        heavy_miss=2 heavy_excess=0 H_excess=[] bond_miss=set() bond_excess=set()
NLYS       heavy_miss=2 heavy_excess=0 H_excess=[] bond_miss=set() bond_excess={4}
CLYS       heavy_miss=3 heavy_excess=0 H_excess=[] bond_miss=set() bond_excess={1}
LYN        heavy_miss=2 heavy_excess=0 H_excess=[] bond_miss=set() bond_excess=set()
NLYN       heavy_miss=2 heavy_excess=0 H_excess=[] bond_miss=set() bond_excess={4}
CLYN       heavy_miss=3 heavy_excess=0 H_excess=[] bond_miss=set() bond_excess={1}

matched with excess inter-residue bond(s): A:308
No template matched for residue_key='A:330'
tried 6 templates for residue_key='A:330'excess_H_ok=False
LYS        heavy_miss=4 heavy_excess=0 H_excess=[] bond_miss=set() bond_excess=set()
NLYS       heavy_miss=4 heavy_excess=0 H_excess=[] bond_miss=set() bond_excess={4}
CLYS       heavy_miss=5 heavy_excess=0 H_excess=[] bond_miss=set() bond_excess={1}
LYN        heavy_miss=4 heavy_excess=0 H_excess=[] bond_miss=set() bond_excess=set()
NLYN       heavy_miss=4 heavy_excess=0 H_excess=[] bond_miss=set() bond_excess={4}
CLYN       heavy_miss=5 heavy_excess=0 H_excess=[] bond_miss=set() bond_excess={1}

matched with excess inter-residue bond(s): A:330
No template matched for residue_key='A:332'
tried 3 templates for residue_key='A:332'excess_H_ok=False
ARG        heavy_miss=6 heavy_excess=0 H_excess=[] bond_miss=set() bond_excess=set()
NARG       heavy_miss=6 heavy_excess=0 H_excess=[] bond_miss=set() bond_excess={4}
CARG       heavy_miss=7 heavy_excess=0 H_excess=[] bond_miss=set() bond_excess={1}

matched with excess inter-residue bond(s): A:332
No template matched for residue_key='A:338'
tried 6 templates for residue_key='A:338'excess_H_ok=False
GLU        heavy_miss=4 heavy_excess=0 H_excess=[] bond_miss={0} bond_excess=set()
NGLU       heavy_miss=4 heavy_excess=0 H_excess=[] bond_miss={0} bond_excess={4}
CGLU       heavy_miss=5 heavy_excess=0 H_excess=[] bond_miss=set() bond_excess=set()
GLH        heavy_miss=4 heavy_excess=0 H_excess=[] bond_miss={0} bond_excess=set()
NGLH       heavy_miss=4 heavy_excess=0 H_excess=[] bond_miss={0} bond_excess={4}
CGLH       heavy_miss=5 heavy_excess=0 H_excess=[] bond_miss=set() bond_excess=set()

- Template matching failed for: ['A:4', 'A:8', 'A:24', 'A:88', 'A:92', 'A:244', 'A:245', 'A:252', 'A:254', 'A:257', 'A:261', 'A:266', 'A:267', 'A:277', 'A:285', 'A:297', 'A:308', 'A:330', 'A:332', 'A:338'] Ignored due to allow_bad_res.

Files written:
runs/lit_pcba_original_docking_asset_smoke/targets/FEN1/receptor.pdbqt <-- static (i.e., rigid) receptor input file
